 ANSYS
      License feature : explicit_basic
      License type    : Academic Student



       AAAAAA   UU    UU  TTTTTTTT   OOOOOO   DDDDDDD   YY    YY  NN    NN  TM
      AA    AA  UU    UU     TT     OO    OO  DD    DD   YY  YY   NNN   NN
      AA    AA  UU    UU     TT     OO    OO  DD    DD    YYYY    NNNN  NN
      AAAAAAAA  UU    UU     TT     OO    OO  DD    DD     YY     NN NN NN
      AA    AA  UU    UU     TT     OO    OO  DD    DD     YY     NN  NNNN
      AA    AA  UU    UU     TT     OO    OO  DD    DD     YY     NN   NNN
      AA    AA   UUUUUU      TT      OOOOOO   DDDDDDD      YY     NN    NN




           Copyright 2026, ANSYS, Inc.  All rights reserved.
           Unauthorized use, distribution or duplication is prohibited.




 




                                2026 R1
                                   
                 Point Releases and Patches installed:
                                   
                  Ansys, Inc. License Manager 2026 R1
                   Discovery (full install) 2026 R1
                         Core WB Files 2026 R1
                       optiSLang Core UI 2026 R1
                    CFX (includes CFD-Post) 2026 R1
                            Chemkin 2026 R1
                            EnSight 2026 R1
                          FENSAP-ICE 2026 R1
                  Fluent (includes CFD-Post) 2026 R1
                 Polyflow (includes CFD-Post) 2026 R1
                   Forte (includes EnSight) 2026 R1
                             Rocky 2026 R1
                           TurboGrid 2026 R1
                    ACIS Geometry Interface 2026 R1
                  AutoCAD Geometry Interface 2026 R1
              Catia, Version 4 Geometry Interface 2026 R1
              Catia, Version 5 Geometry Interface 2026 R1
              Catia, Version 6 Geometry Interface 2026 R1
       Creo Elements/Direct Modeling Geometry Interface 2026 R1
              Creo Parametric Geometry Interface 2026 R1
                  Inventor Geometry Interface 2026 R1
                   JTOpen Geometry Interface 2026 R1
                     NX Geometry Interface 2026 R1
                 Parasolid Geometry Interface  2026 R1
                 Solid Edge Geometry Interface 2026 R1
                 SOLIDWORKS Geometry Interface 2026 R1
                             Speos 2026 R1
                          SpaceClaim 2026 R1
                           Speos RPC 2026 R1
                       Zemax OpticStudio 2026 R1
                       Dynamic Reporting 2026 R1
                             Aqwa 2026 R1
                            Autodyn 2026 R1
                   Material Calibration App 2026 R1
                      Mechanical Products 2026 R1
                            Motion 2026 R1
                       Academic Student 2026 R1




                            Solver :   EXPLICIT
                             Build :   AUTODYN-3D Academic V-2026 R1           
                Model File Version :   2026 R1
                        Build Date :   20260113
                 Current Date/Time :   20260426 19:18 (+0300GMT)
                          Platform :   64 bit
                              Beta :   FALSE
                   User Subroutine :   FALSE
               MPI Library Version :   Intel(R) MPI Library 2021.14 for Windows* OS





                             IDENT :   admodel                                                                                                                                                                                                                                                         
                             Title :                                           
                       Description :                                                                                                                                                                                                                                                                   
                       Start Cycle :            0
                        Start Time :  0.00000E+00
                         Precision :   Double




   UNITS

                            Length :   millimeter
                              Mass :   milligram 
                              Time :   millisec. 




   SYMMETRY PLANES

             Symmetry plane at X=0 :   No        
                               Y=0 :   No        
                               Z=0 :   No        




   WRAPUP PARAMETERS

                       Cycle Limit :     10000000
                        Time Limit :  4.50000E+04
     Maximum Energy Error Fraction :  1.00000E-01
            Energy Reference Cycle :            0




   MULTIPLE LOADSTEP DEFINITION

     Step    Type             Step End Time   Static Damping   Convergence Tol.  Max. Iterations

        1    Standard         4.5000E+04      0.0000E+00




   LOADSTEP OUTPUT CONTROLS

     Step    Results       Value      Restarts       Value      Trackers      Value

        1    Global          -         Global          -         Global          -     




   LOADCASE DEFINITIONS

     Case  WB-ID        Type   Active  Loadsteps:                Used by:

        1    138    Standard   Step    DOF:  X  Y  Z RX RY RZ    Standard Earth Gravity        
                                  1          v  v  v  v  v  v
        2    142    Standard   Step    DOF:  X  Y  Z RX RY RZ    Pressure                      
                                  1          v  v  v  v  v  v




   TIME STEP INFORMATION

                 Minimum Time Step :  6.28070E-06
                 Maximum Time Step :  1.00000E+08
                 Initial Time Step :  6.28070E-05
           Time Step Safety Factor :  9.00000E-01
                      Mass scaling :  OFF




   GRAVITATIONAL CONSTANTS

             Global X Gravity :  0.00000E+00
             Global Y Gravity :  0.00000E+00
             Global Z Gravity :  0.00000E+00




   GRAVITATIONAL AND ACCELERATION CONSTANTS - SUM AT START CYCLE

             Total  X Acceleration :  0.00000E+00
             Total  Y Acceleration :  0.00000E+00
             Total  Z Acceleration : -9.80665E-03





 
   DAMPING CONSTANTS

                 Hourglass Damping :  1.00000E-01
                    Static Damping : Per loadstep




   ARTIFICIAL VISCOSITY

               Quadratic Viscosity :  1.00000E+00
                  Linear Viscosity :  2.00000E-01
     Apply Lin.vis. in exp. for HE :  No
     Art. vis. in structured shells:  Yes




   GLOBAL OUTPUT CONTROLS

                    Save Results On  : Time
                    Increments :        2.25000E+03
                    Save Restarts On  : Time
                    Increments :        9.00000E+03
                    Save Trackers On : Cycles
                    Increments :        1.00000E+00




   CUTOFF VALUES

                   Velocity Cutoff :  1.00000E-06
                 Soundspeed Cutoff :  1.00000E-06
                     Radius Cutoff :  1.00000E-03
                  Maximum Velocity :  1.00000E+10
               Maximum Temperature :  1.01000E+20
                    Join Tolerance :  5.00000E-02




   METHOD OF CALCULATING CHARACTERISTIC ZONE DIMENSION

                     Method to Use :  Diagonals




   METHOD OF UPDATING LAG/ALE CELL DENSITIES AND COMPRESSIONS

                     Method to Use :  Automatic




   USER VARIABLES

     Fortran name  User name     Restart  Rezone

     VAR01         VAR.1         N        N
     VAR02         VAR.2         N        N
     VAR03         VAR.3         N        N
     VAR04         VAR.4         N        N
     VAR05         VAR.5         N        N
     VAR06         VAR.6         N        N
     VAR07         VAR.7         N        N
     VAR08         VAR.8         N        N
     VAR09         VAR.9         N        N
     VAR10         VAR.10        N        N
     VAR11         VAR.11        N        N
     VAR12         VAR.12        N        N
     VAR13         VAR.13        N        N
     VAR14         VAR.14        N        N
     VAR15         VAR.15        N        N
     VAR16         VAR.16        N        N
     VAR17         VAR.17        N        N
     VAR18         VAR.18        N        N
     VAR19         VAR.19        N        N
     VAR20         VAR.20        N        N





 
   GLOBAL MATERIAL SETTINGS

      Shell yield converg. accuracy:  High




   MATERIALS



                         MATERIAL NAME: Structural Steel              


                     Equation of State             Linear                                                                          

          Reference density                      (g/cm3   ) 7.85000E+00
          Bulk Modulus                           (kPa     ) 1.66667E+08
          Reference Temperature                  (K       ) 2.95150E+02
          Specific Heat                          (J/kgK   ) 4.34000E+02
          Thermal Conductivity                   (J/mKs   ) 0.00000E+00


                     Strength                      Elastic                                                                         

          Shear Modulus                          (kPa     ) 7.69231E+07


                     Failure                       None                                                                            



                     Erosion                       None                                                                            



                     Material Cutoffs              

          Maximum Expansion                      (none    ) 1.00000E-01
          Minimum Density Factor                 (none    ) 1.00000E-04
          Minimum Density Factor (SPH)           (none    ) 2.00000E-01
          Maximum Density Factor (SPH)           (none    ) 3.00000E+00
          Minimum Soundspeed                     (m/s     ) 1.00000E-06
          Maximum Soundspeed (SPH)               (m/s     ) 1.01000E+20
          Maximum Temperature                    (K       ) 1.01000E+20


           Reference: 
                                                                                                                                                                                                                                                                


           Notes: 
                                                                                                                                                                                                                                                                









 
   BOUNDARY CONDITIONS



                     Standard Earth Gravity : Acceleration                                           

                     Associated Loadcase ID :        1

           Acceleration Direction X    :  0.00000E+00
           Acceleration Direction Y    :  0.00000E+00
           Acceleration Direction Z    : -9.80665E-03






                     Pressure : User defined TD Pressure                                             

                     Associated Loadcase ID :        2

          Pressure       1             :  2.00000E-01
          Pressure       2             :  2.00000E-01
          Time       1                 :  0.00000E+00
          Time       2                 :  4.50000E+04









 
     UNSTRUCTURED PARTS

           PART                  NO. ELEMENTS         ELEMENT TYPE   ARTIFICIAL VISC.   HOURGLASS CONTROL     VISCOUS COEFF.   

       1   nose_cone|Solid                511            Tet 4 ANP        Yes
       2   body_tube|Solid                408            Hex 8            Yes           AD STANDARD            1.00000E-01
       3   freeform_fin_0|Solid             8            Hex 8            Yes           AD STANDARD            1.00000E-01
       4   freeform_fin_0|Solid             8            Hex 8            Yes           AD STANDARD            1.00000E-01
       5   freeform_fin_0|Solid             8            Hex 8            Yes           AD STANDARD            1.00000E-01

           TOTAL NUMBER ELEMENTS:         943
           TOTAL NUMBER NODES:           1091




     BODY CONTROL SPECIFICATION

            

            

       SOLID PART(S)

           PART                  TET INTEGRATION TYPE         HEX INTEGRATION TYPE         HOURGLASS DAMPING        VISCOUS COEFF.    STIFFNESS COEFF.      PUSO STAB.   

       1  nose_cone|Solid        AVERAGE NODAL PRESSURE             N/A                    AD STANDARD               1.00000E-01         0.00000E+00        0.00000E+00
       2  body_tube|Solid        N/A                                EXACT                  AD STANDARD               1.00000E-01         0.00000E+00        0.00000E+00
       3  freeform_fin_0|Solid   N/A                                EXACT                  AD STANDARD               1.00000E-01         0.00000E+00        0.00000E+00
       4  freeform_fin_0|Solid   N/A                                EXACT                  AD STANDARD               1.00000E-01         0.00000E+00        0.00000E+00
       5  freeform_fin_0|Solid   N/A                                EXACT                  AD STANDARD               1.00000E-01         0.00000E+00        0.00000E+00
            

   PART ACTIVATION / DEACTIVATION TIMES

           PART           ACTIVATION   DEACTIVATION
                             TIME          TIME





 
   EDITS

       EDIT FREQUENCY
       EDIT TYPE   HOW DONE          START           END     INCREMENT

       SAVE        by times    0.00000E+00   4.50000E+04   9.00000E+03
       GRIDVAR     Never     
       ENERGYSUM   by times    0.00000E+00   4.50000E+04   9.00000E+03
       CYCSUM      Never     
       HISTORY     by cycles             0      10000000             1
       USER        Never     
       FIELD       Never     

 
   INTERACTIONS

          Using trajectory contact:  Yes
                            Method:  Penalty
                   Sliding Surface:  Discrete
                     Penalty Force:  Harmonic Mass
           Group Contact Treatment:  Lumped
            Shell thickness factor:  0.00000E+00
            Full SPH radius (beta):  No        
                  Search Algorithm:  Cube            
              Retention of Inertia:  Yes       
                  Self-interaction:  Yes       
             Self-interaction Tol.:  2.00000E-01

     Part Name       I-range             J-range             K-range
     nose_cone|Solid                     Active
     body_tube|Solid                     Active
     freeform_fin_0|Solid                Active
     freeform_fin_0|Solid[2]             Active
     freeform_fin_0|Solid[3]             Active

     No coefficients of friction have been specified













 
   BONDED CONTACT SUMMARY

     Bonded Contact Penalty Factor (Default):      1.00000E-01
                                                                                                                                             Number of Bonded Nodes
                                            Bond Name                 Max Offset    Breakable     Behaviour        Penalty      Tolerance   Candidates       Actual    Bonded    Internal Bond Name
     Contact Region                                                  1.00000E-04           No     Symmetric  Harmonic Mass   Min Distance           43           10    23.26%  BONDED -    1       
     Contact Region 2                                                1.00000E-04           No     Symmetric  Harmonic Mass   Min Distance          435            6     1.38%  BONDED -    2       
     Contact Region 3                                                1.00000E-04           No     Symmetric  Harmonic Mass   Min Distance          435            6     1.38%  BONDED -    3       
     Contact Region 4                                                1.00000E-04           No     Symmetric  Harmonic Mass   Min Distance          435            6     1.38%  BONDED -    4       


                                            Scope Definition:   
     Contact Region                                             
       Internal name: BONDED -    1       
       Group(s):     
                              BONDED- 2                                   26 Faces
                              BONDED- 1                                   12 Faces
     Contact Region 2                                           
       Internal name: BONDED -    2       
       Group(s):     
                              BONDED- 4                                  408 Faces
                              BONDED- 3                                    8 Faces
     Contact Region 3                                           
       Internal name: BONDED -    3       
       Group(s):     
                              BONDED- 6                                  408 Faces
                              BONDED- 5                                    8 Faces
     Contact Region 4                                           
       Internal name: BONDED -    4       
       Group(s):     
                              BONDED- 8                                  408 Faces
                              BONDED- 7                                    8 Faces





CYCLE       0, TIME=  0.000E+00                                                                                  ENERGY SUMMARY EDIT
 


ENERGY AND MOMENTUM PARTITIONING BY MATERIALS

                                                         INTERNAL   KINETIC
MATERIAL                                 MASS    VOLUME    ENERGY    ENERGY XMOMENTUM YMOMENTUM ZMOMENTUM

Structural Steel                    5.914E+05 7.534E+04 0.000E+00 0.000E+00 0.000E+00 0.000E+00 0.000E+00
---------------------------------------------------------------------------------------------------------
TOTALS                              5.914E+05 7.534E+04 0.000E+00 0.000E+00 0.000E+00 0.000E+00 0.000E+00


ENERGY AND MOMENTUM PARTITIONING BY PARTS

                                                         INTERNAL   KINETIC                               HOURGLASS   CONTACT
PART                                     MASS    VOLUME    ENERGY    ENERGY XMOMENTUM YMOMENTUM ZMOMENTUM    ENERGY    ENERGY

nose_cone|Solid                     2.697E+05 3.435E+04 0.000E+00 0.000E+00 0.000E+00 0.000E+00 0.000E+00 0.000E+00 0.000E+00
body_tube|Solid                     2.897E+05 3.690E+04 0.000E+00 0.000E+00 0.000E+00 0.000E+00 0.000E+00 0.000E+00 0.000E+00
freeform_fin_0|Solid                1.069E+04 1.361E+03 0.000E+00 0.000E+00 0.000E+00 0.000E+00 0.000E+00 0.000E+00 0.000E+00
freeform_fin_0|Solid[2]             1.069E+04 1.361E+03 0.000E+00 0.000E+00 0.000E+00 0.000E+00 0.000E+00 0.000E+00 0.000E+00
freeform_fin_0|Solid[3]             1.069E+04 1.361E+03 0.000E+00 0.000E+00 0.000E+00 0.000E+00 0.000E+00 0.000E+00 0.000E+00
-----------------------------------------------------------------------------------------------------------------------------
TOTALS                              5.914E+05 7.534E+04 0.000E+00 0.000E+00 0.000E+00 0.000E+00 0.000E+00 0.000E+00 0.000E+00


ENERGY AND MOMENTUM BALANCE

INITIAL ENERGY  0.000E+00, X-MOM  0.000E+00, Y-MOM  0.000E+00, Z-MOM  0.000E+00
EXTERNAL WORK   0.000E+00, X-IMP  0.000E+00, Y-IMP  0.000E+00, Z-IMP  0.000E+00
CONTACT ENERGY  0.000E+00
CURRENT ENERGY  0.000E+00, X-MOM  0.000E+00, Y-MOM  0.000E+00, Z-MOM  0.000E+00
-------------------------------------------------------------------------------
ERROR           0.000E+00         0.000E+00         0.000E+00         0.000E+00
